uniqueCallEnclosingCallable
| gen_continue_expr.rs:6:12:6:22 | CallExpr | Call should have one enclosing callable but has 0. |
