| src/lib.rs:7:1:8:19 | fn cfg_no_flag |
| src/lib.rs:10:1:11:18 | fn cfg_no_key |
| src/lib.rs:16:1:17:24 | fn pointer_width_64 |
