| implicitToString.cs:31:27:31:35 | call to method ToString |
| implicitToString.cs:33:22:33:30 | call to method ToString |
| implicitToString.cs:35:22:35:30 | call to method ToString |
| implicitToString.cs:40:23:40:42 | call to method ToString |
