uniqueCallEnclosingCallable
| gen_label.rs:6:18:6:39 | CallExpr | Call should have one enclosing callable but has 0. |
