uniqueCallEnclosingCallable
| gen_use_tree_list.rs:5:5:5:11 | CallExpr | Call should have one enclosing callable but has 0. |
