uniqueEnclosingCallable
| main.rs:6:18:6:27 | Param | Node should have one enclosing callable but has 0. |
| main.rs:31:21:31:26 | Param | Node should have one enclosing callable but has 0. |
| main.rs:31:29:31:34 | Param | Node should have one enclosing callable but has 0. |
| main.rs:31:37:31:50 | Param | Node should have one enclosing callable but has 0. |
uniqueCallEnclosingCallable
| main.rs:3:14:3:33 | CallExpr | Call should have one enclosing callable but has 0. |
| main.rs:39:5:39:14 | CallExpr | Call should have one enclosing callable but has 0. |
| main.rs:40:5:40:23 | CallExpr | Call should have one enclosing callable but has 0. |
