| cfg.swift:591:13:591:13 | missing type from TypeRepr |
| cfg.swift:595:13:595:13 | missing type from TypeRepr |
