multipleMethodCallTargets
| main.rs:64:16:64:25 | s.as_str() | file://:0:0:0:0 | fn as_str |
| main.rs:64:16:64:25 | s.as_str() | file://:0:0:0:0 | fn as_str |
multiplePathResolutions
| main.rs:52:11:52:22 | ...::from | file://:0:0:0:0 | fn from |
| main.rs:52:11:52:22 | ...::from | file://:0:0:0:0 | fn from |
| main.rs:52:11:52:22 | ...::from | file://:0:0:0:0 | fn from |
| main.rs:52:11:52:22 | ...::from | file://:0:0:0:0 | fn from |
| main.rs:52:11:52:22 | ...::from | file://:0:0:0:0 | fn from |
| main.rs:52:11:52:22 | ...::from | file://:0:0:0:0 | fn from |
