invalidModelRow
#select
| test.go:17:23:17:25 | arg | test.go:17:10:17:26 | call to StepArgRes |
| test.go:18:27:18:29 | arg | test.go:18:2:18:30 | ... = ...[1] |
| test.go:19:15:19:17 | arg | test.go:11:6:11:9 | definition of arg1 |
| test.go:20:16:20:18 | arg | test.go:13:6:13:6 | definition of t |
| test.go:21:10:21:10 | t | test.go:21:10:21:24 | call to StepQualRes |
| test.go:22:2:22:2 | t | test.go:10:6:10:8 | definition of arg |
| test.go:23:32:23:34 | arg | test.go:23:10:23:35 | call to StepArgResNoQual |
| test.go:60:25:60:27 | src | test.go:60:12:60:28 | call to StepArgRes |
| test.go:63:29:63:31 | src | test.go:63:2:63:32 | ... := ...[1] |
| test.go:67:15:67:17 | src | test.go:66:6:66:11 | definition of taint3 |
| test.go:71:21:71:23 | src | test.go:70:6:70:11 | definition of taint4 |
| test.go:74:13:74:25 | type assertion | test.go:74:12:74:40 | call to StepQualRes |
| test.go:78:3:78:15 | type assertion | test.go:77:6:77:11 | definition of taint6 |
| test.go:81:34:81:36 | src | test.go:81:12:81:37 | call to StepArgResNoQual |
| test.go:173:14:173:19 | srcInt | test.go:173:10:173:26 | call to max |
| test.go:173:22:173:22 | 0 | test.go:173:10:173:26 | call to max |
| test.go:173:25:173:25 | 1 | test.go:173:10:173:26 | call to max |
| test.go:174:14:174:14 | 0 | test.go:174:10:174:26 | call to max |
| test.go:174:17:174:22 | srcInt | test.go:174:10:174:26 | call to max |
| test.go:174:25:174:25 | 1 | test.go:174:10:174:26 | call to max |
| test.go:175:14:175:14 | 0 | test.go:175:10:175:26 | call to max |
| test.go:175:17:175:17 | 1 | test.go:175:10:175:26 | call to max |
| test.go:175:20:175:25 | srcInt | test.go:175:10:175:26 | call to max |
| test.go:176:14:176:19 | srcInt | test.go:176:10:176:26 | call to min |
| test.go:176:22:176:22 | 0 | test.go:176:10:176:26 | call to min |
| test.go:176:25:176:25 | 1 | test.go:176:10:176:26 | call to min |
| test.go:177:14:177:14 | 0 | test.go:177:10:177:26 | call to min |
| test.go:177:17:177:22 | srcInt | test.go:177:10:177:26 | call to min |
| test.go:177:25:177:25 | 1 | test.go:177:10:177:26 | call to min |
| test.go:178:14:178:14 | 0 | test.go:178:10:178:26 | call to min |
| test.go:178:17:178:17 | 1 | test.go:178:10:178:26 | call to min |
| test.go:178:20:178:25 | srcInt | test.go:178:10:178:26 | call to min |
