| gen_array_expr.rs:5:5:5:13 | [...] | 0 | gen_array_expr.rs:5:6:5:6 | 1 |
| gen_array_expr.rs:5:5:5:13 | [...] | 1 | gen_array_expr.rs:5:9:5:9 | 2 |
| gen_array_expr.rs:5:5:5:13 | [...] | 2 | gen_array_expr.rs:5:12:5:12 | 3 |
| gen_array_expr.rs:6:5:6:11 | [...] | 0 | gen_array_expr.rs:6:6:6:6 | 1 |
| gen_array_expr.rs:6:5:6:11 | [...] | 1 | gen_array_expr.rs:6:9:6:10 | 10 |
