multiplePathResolutions
| main.rs:218:14:218:17 | libc | file://:0:0:0:0 | Crate(libc@0.2.172) |
| main.rs:218:14:218:17 | libc | file://:0:0:0:0 | Crate(libc@0.2.172) |
| main.rs:219:13:219:16 | libc | file://:0:0:0:0 | Crate(libc@0.2.172) |
| main.rs:219:13:219:16 | libc | file://:0:0:0:0 | Crate(libc@0.2.172) |
| main.rs:220:13:220:16 | libc | file://:0:0:0:0 | Crate(libc@0.2.172) |
| main.rs:220:13:220:16 | libc | file://:0:0:0:0 | Crate(libc@0.2.172) |
| main.rs:221:13:221:16 | libc | file://:0:0:0:0 | Crate(libc@0.2.172) |
| main.rs:221:13:221:16 | libc | file://:0:0:0:0 | Crate(libc@0.2.172) |
| main.rs:222:13:222:16 | libc | file://:0:0:0:0 | Crate(libc@0.2.172) |
| main.rs:222:13:222:16 | libc | file://:0:0:0:0 | Crate(libc@0.2.172) |
| main.rs:223:13:223:16 | libc | file://:0:0:0:0 | Crate(libc@0.2.172) |
| main.rs:223:13:223:16 | libc | file://:0:0:0:0 | Crate(libc@0.2.172) |
| main.rs:224:13:224:16 | libc | file://:0:0:0:0 | Crate(libc@0.2.172) |
| main.rs:224:13:224:16 | libc | file://:0:0:0:0 | Crate(libc@0.2.172) |
| main.rs:229:13:229:37 | ...::with_capacity | file://:0:0:0:0 | fn with_capacity |
| main.rs:229:13:229:37 | ...::with_capacity | file://:0:0:0:0 | fn with_capacity |
| main.rs:233:18:233:42 | ...::with_capacity | file://:0:0:0:0 | fn with_capacity |
| main.rs:233:18:233:42 | ...::with_capacity | file://:0:0:0:0 | fn with_capacity |
