uniqueCallEnclosingCallable
| gen_expr_stmt.rs:5:5:5:11 | CallExpr | Call should have one enclosing callable but has 0. |
| gen_expr_stmt.rs:6:5:6:12 | CallExpr | Call should have one enclosing callable but has 0. |
