uniqueCallEnclosingCallable
| gen_loop_expr.rs:6:18:6:40 | CallExpr | Call should have one enclosing callable but has 0. |
