| gen_tuple_struct_pat.rs:6:9:6:27 | Tuple(...) | getNumberOfFields: | 4 | hasPath: | yes |
| gen_tuple_struct_pat.rs:7:9:7:20 | Tuple(...) | getNumberOfFields: | 2 | hasPath: | yes |
| gen_tuple_struct_pat.rs:8:9:8:17 | Tuple(...) | getNumberOfFields: | 1 | hasPath: | yes |
