testFailures
edges
| asio_streams.cpp:56:18:56:23 | [summary param] *0 in buffer | asio_streams.cpp:56:18:56:23 | [summary] to write: ReturnValue in buffer | provenance | MaD:10 |
| asio_streams.cpp:87:34:87:44 | read_until output argument | asio_streams.cpp:91:7:91:17 | recv_buffer | provenance | Src:MaD:2  |
| asio_streams.cpp:87:34:87:44 | read_until output argument | asio_streams.cpp:93:29:93:39 | *recv_buffer | provenance | Src:MaD:2 Sink:MaD:6 |
| asio_streams.cpp:97:37:97:44 | call to source | asio_streams.cpp:98:7:98:14 | send_str | provenance | TaintFunction |
| asio_streams.cpp:97:37:97:44 | call to source | asio_streams.cpp:100:64:100:71 | *send_str | provenance | TaintFunction |
| asio_streams.cpp:100:44:100:62 | call to buffer | asio_streams.cpp:100:44:100:62 | call to buffer | provenance |  |
| asio_streams.cpp:100:44:100:62 | call to buffer | asio_streams.cpp:101:7:101:17 | send_buffer | provenance |  |
| asio_streams.cpp:100:44:100:62 | call to buffer | asio_streams.cpp:103:29:103:39 | *send_buffer | provenance | Sink:MaD:6 |
| asio_streams.cpp:100:64:100:71 | *send_str | asio_streams.cpp:56:18:56:23 | [summary param] *0 in buffer | provenance |  |
| asio_streams.cpp:100:64:100:71 | *send_str | asio_streams.cpp:100:44:100:62 | call to buffer | provenance | MaD:10 |
| test.cpp:4:5:4:17 | [summary param] 0 in ymlStepManual | test.cpp:4:5:4:17 | [summary] to write: ReturnValue in ymlStepManual | provenance | MaD:23489 |
| test.cpp:5:5:5:20 | [summary param] 0 in ymlStepGenerated | test.cpp:5:5:5:20 | [summary] to write: ReturnValue in ymlStepGenerated | provenance | MaD:23490 |
| test.cpp:6:5:6:27 | [summary param] 0 in ymlStepManual_with_body | test.cpp:6:5:6:27 | [summary] to write: ReturnValue in ymlStepManual_with_body | provenance | MaD:23491 |
| test.cpp:7:47:7:52 | value2 | test.cpp:7:64:7:69 | value2 | provenance |  |
| test.cpp:7:64:7:69 | value2 | test.cpp:7:5:7:30 | *ymlStepGenerated_with_body | provenance |  |
| test.cpp:10:10:10:18 | call to ymlSource | test.cpp:10:10:10:18 | call to ymlSource | provenance | Src:MaD:23487  |
| test.cpp:10:10:10:18 | call to ymlSource | test.cpp:14:10:14:10 | x | provenance | Sink:MaD:23488 |
| test.cpp:10:10:10:18 | call to ymlSource | test.cpp:17:24:17:24 | x | provenance |  |
| test.cpp:10:10:10:18 | call to ymlSource | test.cpp:21:27:21:27 | x | provenance |  |
| test.cpp:10:10:10:18 | call to ymlSource | test.cpp:25:35:25:35 | x | provenance |  |
| test.cpp:10:10:10:18 | call to ymlSource | test.cpp:32:41:32:41 | x | provenance |  |
| test.cpp:17:10:17:22 | call to ymlStepManual | test.cpp:17:10:17:22 | call to ymlStepManual | provenance |  |
| test.cpp:17:10:17:22 | call to ymlStepManual | test.cpp:18:10:18:10 | y | provenance | Sink:MaD:23488 |
| test.cpp:17:24:17:24 | x | test.cpp:4:5:4:17 | [summary param] 0 in ymlStepManual | provenance |  |
| test.cpp:17:24:17:24 | x | test.cpp:17:10:17:22 | call to ymlStepManual | provenance | MaD:23489 |
| test.cpp:21:10:21:25 | call to ymlStepGenerated | test.cpp:21:10:21:25 | call to ymlStepGenerated | provenance |  |
| test.cpp:21:10:21:25 | call to ymlStepGenerated | test.cpp:22:10:22:10 | z | provenance | Sink:MaD:23488 |
| test.cpp:21:27:21:27 | x | test.cpp:5:5:5:20 | [summary param] 0 in ymlStepGenerated | provenance |  |
| test.cpp:21:27:21:27 | x | test.cpp:21:10:21:25 | call to ymlStepGenerated | provenance | MaD:23490 |
| test.cpp:25:11:25:33 | call to ymlStepManual_with_body | test.cpp:25:11:25:33 | call to ymlStepManual_with_body | provenance |  |
| test.cpp:25:11:25:33 | call to ymlStepManual_with_body | test.cpp:26:10:26:11 | y2 | provenance | Sink:MaD:23488 |
| test.cpp:25:35:25:35 | x | test.cpp:6:5:6:27 | [summary param] 0 in ymlStepManual_with_body | provenance |  |
| test.cpp:25:35:25:35 | x | test.cpp:25:11:25:33 | call to ymlStepManual_with_body | provenance | MaD:23491 |
| test.cpp:32:11:32:36 | call to ymlStepGenerated_with_body | test.cpp:32:11:32:36 | call to ymlStepGenerated_with_body | provenance |  |
| test.cpp:32:11:32:36 | call to ymlStepGenerated_with_body | test.cpp:33:10:33:11 | z2 | provenance | Sink:MaD:23488 |
| test.cpp:32:41:32:41 | x | test.cpp:7:47:7:52 | value2 | provenance |  |
| test.cpp:32:41:32:41 | x | test.cpp:32:11:32:36 | call to ymlStepGenerated_with_body | provenance |  |
nodes
| asio_streams.cpp:56:18:56:23 | [summary param] *0 in buffer | semmle.label | [summary param] *0 in buffer |
| asio_streams.cpp:56:18:56:23 | [summary] to write: ReturnValue in buffer | semmle.label | [summary] to write: ReturnValue in buffer |
| asio_streams.cpp:87:34:87:44 | read_until output argument | semmle.label | read_until output argument |
| asio_streams.cpp:91:7:91:17 | recv_buffer | semmle.label | recv_buffer |
| asio_streams.cpp:93:29:93:39 | *recv_buffer | semmle.label | *recv_buffer |
| asio_streams.cpp:97:37:97:44 | call to source | semmle.label | call to source |
| asio_streams.cpp:98:7:98:14 | send_str | semmle.label | send_str |
| asio_streams.cpp:100:44:100:62 | call to buffer | semmle.label | call to buffer |
| asio_streams.cpp:100:44:100:62 | call to buffer | semmle.label | call to buffer |
| asio_streams.cpp:100:64:100:71 | *send_str | semmle.label | *send_str |
| asio_streams.cpp:101:7:101:17 | send_buffer | semmle.label | send_buffer |
| asio_streams.cpp:103:29:103:39 | *send_buffer | semmle.label | *send_buffer |
| test.cpp:4:5:4:17 | [summary param] 0 in ymlStepManual | semmle.label | [summary param] 0 in ymlStepManual |
| test.cpp:4:5:4:17 | [summary] to write: ReturnValue in ymlStepManual | semmle.label | [summary] to write: ReturnValue in ymlStepManual |
| test.cpp:5:5:5:20 | [summary param] 0 in ymlStepGenerated | semmle.label | [summary param] 0 in ymlStepGenerated |
| test.cpp:5:5:5:20 | [summary] to write: ReturnValue in ymlStepGenerated | semmle.label | [summary] to write: ReturnValue in ymlStepGenerated |
| test.cpp:6:5:6:27 | [summary param] 0 in ymlStepManual_with_body | semmle.label | [summary param] 0 in ymlStepManual_with_body |
| test.cpp:6:5:6:27 | [summary] to write: ReturnValue in ymlStepManual_with_body | semmle.label | [summary] to write: ReturnValue in ymlStepManual_with_body |
| test.cpp:7:5:7:30 | *ymlStepGenerated_with_body | semmle.label | *ymlStepGenerated_with_body |
| test.cpp:7:47:7:52 | value2 | semmle.label | value2 |
| test.cpp:7:64:7:69 | value2 | semmle.label | value2 |
| test.cpp:10:10:10:18 | call to ymlSource | semmle.label | call to ymlSource |
| test.cpp:10:10:10:18 | call to ymlSource | semmle.label | call to ymlSource |
| test.cpp:14:10:14:10 | x | semmle.label | x |
| test.cpp:17:10:17:22 | call to ymlStepManual | semmle.label | call to ymlStepManual |
| test.cpp:17:10:17:22 | call to ymlStepManual | semmle.label | call to ymlStepManual |
| test.cpp:17:24:17:24 | x | semmle.label | x |
| test.cpp:18:10:18:10 | y | semmle.label | y |
| test.cpp:21:10:21:25 | call to ymlStepGenerated | semmle.label | call to ymlStepGenerated |
| test.cpp:21:10:21:25 | call to ymlStepGenerated | semmle.label | call to ymlStepGenerated |
| test.cpp:21:27:21:27 | x | semmle.label | x |
| test.cpp:22:10:22:10 | z | semmle.label | z |
| test.cpp:25:11:25:33 | call to ymlStepManual_with_body | semmle.label | call to ymlStepManual_with_body |
| test.cpp:25:11:25:33 | call to ymlStepManual_with_body | semmle.label | call to ymlStepManual_with_body |
| test.cpp:25:35:25:35 | x | semmle.label | x |
| test.cpp:26:10:26:11 | y2 | semmle.label | y2 |
| test.cpp:32:11:32:36 | call to ymlStepGenerated_with_body | semmle.label | call to ymlStepGenerated_with_body |
| test.cpp:32:11:32:36 | call to ymlStepGenerated_with_body | semmle.label | call to ymlStepGenerated_with_body |
| test.cpp:32:41:32:41 | x | semmle.label | x |
| test.cpp:33:10:33:11 | z2 | semmle.label | z2 |
subpaths
| asio_streams.cpp:100:64:100:71 | *send_str | asio_streams.cpp:56:18:56:23 | [summary param] *0 in buffer | asio_streams.cpp:56:18:56:23 | [summary] to write: ReturnValue in buffer | asio_streams.cpp:100:44:100:62 | call to buffer |
| test.cpp:17:24:17:24 | x | test.cpp:4:5:4:17 | [summary param] 0 in ymlStepManual | test.cpp:4:5:4:17 | [summary] to write: ReturnValue in ymlStepManual | test.cpp:17:10:17:22 | call to ymlStepManual |
| test.cpp:21:27:21:27 | x | test.cpp:5:5:5:20 | [summary param] 0 in ymlStepGenerated | test.cpp:5:5:5:20 | [summary] to write: ReturnValue in ymlStepGenerated | test.cpp:21:10:21:25 | call to ymlStepGenerated |
| test.cpp:25:35:25:35 | x | test.cpp:6:5:6:27 | [summary param] 0 in ymlStepManual_with_body | test.cpp:6:5:6:27 | [summary] to write: ReturnValue in ymlStepManual_with_body | test.cpp:25:11:25:33 | call to ymlStepManual_with_body |
| test.cpp:32:41:32:41 | x | test.cpp:7:47:7:52 | value2 | test.cpp:7:5:7:30 | *ymlStepGenerated_with_body | test.cpp:32:11:32:36 | call to ymlStepGenerated_with_body |
