uniqueNodeToString
| gen_path_expr.rs:7:13:7:20 | (no string representation) | Node should have one toString but has 0. |
| gen_path_expr.rs:8:13:8:35 | (no string representation) | Node should have one toString but has 0. |
