extractorMessages
| 6 |
compilerDiagnostics
| 4 |
extractorMessagesLeachedLimit
| Program.cs:1:1:1:0 | Stopped logging extractor messages after reaching 5 |
compilationInfo
| Compiler diagnostic count for CS0103 | 3.0 |
| Compiler diagnostic count for CS8019 | 7.0 |
