multipleMethodCallTargets
| sqlx.rs:65:30:65:52 | unsafe_query_2.as_str() | file://:0:0:0:0 | fn as_str |
| sqlx.rs:65:30:65:52 | unsafe_query_2.as_str() | file://:0:0:0:0 | fn as_str |
| sqlx.rs:65:30:65:52 | unsafe_query_2.as_str() | file://:0:0:0:0 | fn as_str |
| sqlx.rs:65:30:65:52 | unsafe_query_2.as_str() | file://:0:0:0:0 | fn as_str |
| sqlx.rs:65:30:65:52 | unsafe_query_2.as_str() | file://:0:0:0:0 | fn as_str |
| sqlx.rs:65:30:65:52 | unsafe_query_2.as_str() | file://:0:0:0:0 | fn as_str |
| sqlx.rs:76:29:76:51 | unsafe_query_2.as_str() | file://:0:0:0:0 | fn as_str |
| sqlx.rs:76:29:76:51 | unsafe_query_2.as_str() | file://:0:0:0:0 | fn as_str |
| sqlx.rs:76:29:76:51 | unsafe_query_2.as_str() | file://:0:0:0:0 | fn as_str |
| sqlx.rs:76:29:76:51 | unsafe_query_2.as_str() | file://:0:0:0:0 | fn as_str |
| sqlx.rs:76:29:76:51 | unsafe_query_2.as_str() | file://:0:0:0:0 | fn as_str |
| sqlx.rs:76:29:76:51 | unsafe_query_2.as_str() | file://:0:0:0:0 | fn as_str |
