| gen_path_expr.rs:7:14:7:14 | T | hasPath: | yes |
| gen_path_expr.rs:7:14:7:14 | T | hasPath: | yes |
| gen_path_expr.rs:8:14:8:20 | TypeRef | hasPath: | yes |
| gen_path_expr.rs:8:14:8:20 | TypeRef | hasPath: | yes |
| gen_path_type.rs:5:14:5:48 | ...::HashMap::<...> | hasPath: | yes |
| gen_path_type.rs:5:40:5:42 | i32 | hasPath: | yes |
| gen_path_type.rs:5:45:5:47 | i32 | hasPath: | yes |
| gen_path_type.rs:6:14:6:20 | ...::Item | hasPath: | yes |
