uniqueEnclosingCallable
| common_definitions.rs:3:15:3:25 | Param | Node should have one enclosing callable but has 0. |
| file://:0:0:0:0 | Param | Node should have one enclosing callable but has 0. |
uniqueType
| common_definitions.rs:3:15:3:25 | Param | Node should have one type but has 0. |
| file://:0:0:0:0 | Param | Node should have one type but has 0. |
uniqueNodeLocation
| file://:0:0:0:0 | BlockExpr | Node should have one location but has 0. |
| file://:0:0:0:0 | MethodCallExpr | Node should have one location but has 0. |
| file://:0:0:0:0 | MethodCallExpr | Node should have one location but has 0. |
| file://:0:0:0:0 | Param | Node should have one location but has 0. |
| file://:0:0:0:0 | PathExpr | Node should have one location but has 0. |
missingLocation
| Nodes without location: 5 |
